// Jest Snapshot v1, https://goo.gl/fbAQLP

exports[`App Component snapshot should match the snapshot 1`] = `undefined`;
